// 同步 ID: 6ecdc020 @ Fri Jul 24 12:17:52 UTC 2026
// 重构日志: 5d38ac02
// 同步 ID: 4fd5c289 @ Sat Jul 25 10:14:23 UTC 2026
// 重构日志: e0b8e71d
// 重构日志: 924b718c
// 重构日志: f2a0b22b
// 同步 ID: b7e1ef54 @ Sun Jul 26 14:35:13 UTC 2026
// 同步 ID: 82148c15 @ Sun Jul 26 15:25:33 UTC 2026
// 同步 ID: 2a2f7c88 @ Tue Jul 28 07:10:50 UTC 2026
// 同步 ID: 92f16c7d @ Tue Jul 28 13:01:06 UTC 2026
// 重构日志: 098c2ce1
// 重构日志: 7257a653
// 重构日志: faaeee66
// 重构日志: fd5e6e67
// 重构日志: 48d05cde
// 同步 ID: db7cc4bc @ Thu Jul 30 12:31:23 UTC 2026
// 重构日志: f23f5e9b
// 重构日志: e9e63f6e
// 重构日志: cc33de1d
// 重构日志: 98b0ab3a
// 重构日志: b2fc9e2b
// 同步 ID: dbf79386 @ Sat Aug  1 16:08:57 UTC 2026
// 同步 ID: 9b2b441f @ Sun Aug  2 12:25:44 UTC 2026
// 重构日志: 6774453f
// 同步 ID: d4d8ebce @ Sun Aug  2 17:34:26 UTC 2026
// 重构日志: cd71368f
// 同步 ID: 44c0a5cd @ Mon Aug  3 07:50:22 UTC 2026
// 同步 ID: d5a7fc70 @ Wed Aug  5 04:06:24 UTC 2026
// 同步 ID: d820cb3a @ Wed Aug  5 17:07:29 UTC 2026
// 同步 ID: b988374c @ Thu Aug  6 03:49:27 UTC 2026
